Archive member included to satisfy reference by file (symbol)

c:/st/stm32cubeide_1.3.0/stm32cubeide/plugins/com.st.stm32cube.ide.mcu.externaltools.gnu-tools-for-stm32.7-2018-q2-update.win32_1.0.0.201904181610/tools/bin/../lib/gcc/arm-none-eabi/7.3.1/../../../../arm-none-eabi/lib/thumb/v7e-m/fpv4-sp/hard\libc_nano.a(lib_a-errno.o)
                              Core/Src/syscalls.o (__errno)
c:/st/stm32cubeide_1.3.0/stm32cubeide/plugins/com.st.stm32cube.ide.mcu.externaltools.gnu-tools-for-stm32.7-2018-q2-update.win32_1.0.0.201904181610/tools/bin/../lib/gcc/arm-none-eabi/7.3.1/../../../../arm-none-eabi/lib/thumb/v7e-m/fpv4-sp/hard\libc_nano.a(lib_a-exit.o)
                              c:/st/stm32cubeide_1.3.0/stm32cubeide/plugins/com.st.stm32cube.ide.mcu.externaltools.gnu-tools-for-stm32.7-2018-q2-update.win32_1.0.0.201904181610/tools/bin/../lib/gcc/arm-none-eabi/7.3.1/../../../../arm-none-eabi/lib/thumb/v7e-m/fpv4-sp/hard/crt0.o (exit)
c:/st/stm32cubeide_1.3.0/stm32cubeide/plugins/com.st.stm32cube.ide.mcu.externaltools.gnu-tools-for-stm32.7-2018-q2-update.win32_1.0.0.201904181610/tools/bin/../lib/gcc/arm-none-eabi/7.3.1/../../../../arm-none-eabi/lib/thumb/v7e-m/fpv4-sp/hard\libc_nano.a(lib_a-impure.o)
                              c:/st/stm32cubeide_1.3.0/stm32cubeide/plugins/com.st.stm32cube.ide.mcu.externaltools.gnu-tools-for-stm32.7-2018-q2-update.win32_1.0.0.201904181610/tools/bin/../lib/gcc/arm-none-eabi/7.3.1/../../../../arm-none-eabi/lib/thumb/v7e-m/fpv4-sp/hard\libc_nano.a(lib_a-exit.o) (_global_impure_ptr)
c:/st/stm32cubeide_1.3.0/stm32cubeide/plugins/com.st.stm32cube.ide.mcu.externaltools.gnu-tools-for-stm32.7-2018-q2-update.win32_1.0.0.201904181610/tools/bin/../lib/gcc/arm-none-eabi/7.3.1/../../../../arm-none-eabi/lib/thumb/v7e-m/fpv4-sp/hard\libc_nano.a(lib_a-init.o)
                              c:/st/stm32cubeide_1.3.0/stm32cubeide/plugins/com.st.stm32cube.ide.mcu.externaltools.gnu-tools-for-stm32.7-2018-q2-update.win32_1.0.0.201904181610/tools/bin/../lib/gcc/arm-none-eabi/7.3.1/../../../../arm-none-eabi/lib/thumb/v7e-m/fpv4-sp/hard/crt0.o (__libc_init_array)
c:/st/stm32cubeide_1.3.0/stm32cubeide/plugins/com.st.stm32cube.ide.mcu.externaltools.gnu-tools-for-stm32.7-2018-q2-update.win32_1.0.0.201904181610/tools/bin/../lib/gcc/arm-none-eabi/7.3.1/../../../../arm-none-eabi/lib/thumb/v7e-m/fpv4-sp/hard\libc_nano.a(lib_a-memset.o)
                              c:/st/stm32cubeide_1.3.0/stm32cubeide/plugins/com.st.stm32cube.ide.mcu.externaltools.gnu-tools-for-stm32.7-2018-q2-update.win32_1.0.0.201904181610/tools/bin/../lib/gcc/arm-none-eabi/7.3.1/../../../../arm-none-eabi/lib/thumb/v7e-m/fpv4-sp/hard/crt0.o (memset)
c:/st/stm32cubeide_1.3.0/stm32cubeide/plugins/com.st.stm32cube.ide.mcu.externaltools.gnu-tools-for-stm32.7-2018-q2-update.win32_1.0.0.201904181610/tools/bin/../lib/gcc/arm-none-eabi/7.3.1/thumb/v7e-m/fpv4-sp/hard\libgcc.a(_aeabi_uldivmod.o)
                              Drivers/STM32L4xx_HAL_Driver/Src/stm32l4xx_hal_uart.o (__aeabi_uldivmod)
c:/st/stm32cubeide_1.3.0/stm32cubeide/plugins/com.st.stm32cube.ide.mcu.externaltools.gnu-tools-for-stm32.7-2018-q2-update.win32_1.0.0.201904181610/tools/bin/../lib/gcc/arm-none-eabi/7.3.1/thumb/v7e-m/fpv4-sp/hard\libgcc.a(_udivmoddi4.o)
                              c:/st/stm32cubeide_1.3.0/stm32cubeide/plugins/com.st.stm32cube.ide.mcu.externaltools.gnu-tools-for-stm32.7-2018-q2-update.win32_1.0.0.201904181610/tools/bin/../lib/gcc/arm-none-eabi/7.3.1/thumb/v7e-m/fpv4-sp/hard\libgcc.a(_aeabi_uldivmod.o) (__udivmoddi4)
c:/st/stm32cubeide_1.3.0/stm32cubeide/plugins/com.st.stm32cube.ide.mcu.externaltools.gnu-tools-for-stm32.7-2018-q2-update.win32_1.0.0.201904181610/tools/bin/../lib/gcc/arm-none-eabi/7.3.1/thumb/v7e-m/fpv4-sp/hard\libgcc.a(_dvmd_tls.o)
                              c:/st/stm32cubeide_1.3.0/stm32cubeide/plugins/com.st.stm32cube.ide.mcu.externaltools.gnu-tools-for-stm32.7-2018-q2-update.win32_1.0.0.201904181610/tools/bin/../lib/gcc/arm-none-eabi/7.3.1/thumb/v7e-m/fpv4-sp/hard\libgcc.a(_aeabi_uldivmod.o) (__aeabi_ldiv0)

Allocating common symbols
Common symbol       size              file

hi2c1               0x4c              Core/Src/main.o
hpcd_USB_OTG_FS     0x408             Core/Src/main.o
uwTick              0x4               Drivers/STM32L4xx_HAL_Driver/Src/stm32l4xx_hal.o
hlpuart1            0x8c              Core/Src/main.o
huart1              0x8c              Core/Src/main.o

Discarded input sections

 .text          0x0000000000000000        0x0 c:/st/stm32cubeide_1.3.0/stm32cubeide/plugins/com.st.stm32cube.ide.mcu.externaltools.gnu-tools-for-stm32.7-2018-q2-update.win32_1.0.0.201904181610/tools/bin/../lib/gcc/arm-none-eabi/7.3.1/thumb/v7e-m/fpv4-sp/hard/crti.o
 .data          0x0000000000000000        0x0 c:/st/stm32cubeide_1.3.0/stm32cubeide/plugins/com.st.stm32cube.ide.mcu.externaltools.gnu-tools-for-stm32.7-2018-q2-update.win32_1.0.0.201904181610/tools/bin/../lib/gcc/arm-none-eabi/7.3.1/thumb/v7e-m/fpv4-sp/hard/crti.o
[...]
Memory Configuration

Name             Origin             Length             Attributes
RAM              0x0000000020000000 0x0000000000050000 xrw
FLASH            0x0000000008000000 0x0000000000100000 xr
*default*        0x0000000000000000 0xffffffffffffffff

Linker script and memory map

LOAD c:/st/stm32cubeide_1.3.0/stm32cubeide/plugins/com.st.stm32cube.ide.mcu.externaltools.gnu-tools-for-stm32.7-2018-q2-update.win32_1.0.0.201904181610/tools/bin/../lib/gcc/arm-none-eabi/7.3.1/thumb/v7e-m/fpv4-sp/hard/crti.o
LOAD c:/st/stm32cubeide_1.3.0/stm32cubeide/plugins/com.st.stm32cube.ide.mcu.externaltools.gnu-tools-for-stm32.7-2018-q2-update.win32_1.0.0.201904181610/tools/bin/../lib/gcc/arm-none-eabi/7.3.1/thumb/v7e-m/fpv4-sp/hard/crtbegin.o
LOAD c:/st/stm32cubeide_1.3.0/stm32cubeide/plugins/com.st.stm32cube.ide.mcu.externaltools.gnu-tools-for-stm32.7-2018-q2-update.win32_1.0.0.201904181610/tools/bin/../lib/gcc/arm-none-eabi/7.3.1/../../../../arm-none-eabi/lib/thumb/v7e-m/fpv4-sp/hard/crt0.o
LOAD Core/Src/main.o
LOAD Core/Src/oled.o
LOAD Core/Src/stm32l4xx_hal_msp.o
LOAD Core/Src/stm32l4xx_it.o
LOAD Core/Src/syscalls.o
LOAD Core/Src/sysmem.o
LOAD Core/Src/system_stm32l4xx.o
LOAD Core/Startup/startup_stm32l4p5zgtx.o
LOAD Drivers/STM32L4xx_HAL_Driver/Src/stm32l4xx_hal.o
LOAD Drivers/STM32L4xx_HAL_Driver/Src/stm32l4xx_hal_cortex.o
LOAD Drivers/STM32L4xx_HAL_Driver/Src/stm32l4xx_hal_dma.o
LOAD Drivers/STM32L4xx_HAL_Driver/Src/stm32l4xx_hal_dma_ex.o
LOAD Drivers/STM32L4xx_HAL_Driver/Src/stm32l4xx_hal_exti.o
LOAD Drivers/STM32L4xx_HAL_Driver/Src/stm32l4xx_hal_flash.o
LOAD Drivers/STM32L4xx_HAL_Driver/Src/stm32l4xx_hal_flash_ex.o
LOAD Drivers/STM32L4xx_HAL_Driver/Src/stm32l4xx_hal_flash_ramfunc.o
LOAD Drivers/STM32L4xx_HAL_Driver/Src/stm32l4xx_hal_gpio.o
LOAD Drivers/STM32L4xx_HAL_Driver/Src/stm32l4xx_hal_i2c.o
LOAD Drivers/STM32L4xx_HAL_Driver/Src/stm32l4xx_hal_i2c_ex.o
LOAD Drivers/STM32L4xx_HAL_Driver/Src/stm32l4xx_hal_pcd.o
LOAD Drivers/STM32L4xx_HAL_Driver/Src/stm32l4xx_hal_pcd_ex.o
LOAD Drivers/STM32L4xx_HAL_Driver/Src/stm32l4xx_hal_pwr.o
LOAD Drivers/STM32L4xx_HAL_Driver/Src/stm32l4xx_hal_pwr_ex.o
LOAD Drivers/STM32L4xx_HAL_Driver/Src/stm32l4xx_hal_rcc.o
LOAD Drivers/STM32L4xx_HAL_Driver/Src/stm32l4xx_hal_rcc_ex.o
LOAD Drivers/STM32L4xx_HAL_Driver/Src/stm32l4xx_hal_tim.o
LOAD Drivers/STM32L4xx_HAL_Driver/Src/stm32l4xx_hal_tim_ex.o
LOAD Drivers/STM32L4xx_HAL_Driver/Src/stm32l4xx_hal_uart.o
LOAD Drivers/STM32L4xx_HAL_Driver/Src/stm32l4xx_hal_uart_ex.o
LOAD Drivers/STM32L4xx_HAL_Driver/Src/stm32l4xx_ll_usb.o
START GROUP
LOAD c:/st/stm32cubeide_1.3.0/stm32cubeide/plugins/com.st.stm32cube.ide.mcu.externaltools.gnu-tools-for-stm32.7-2018-q2-update.win32_1.0.0.201904181610/tools/bin/../lib/gcc/arm-none-eabi/7.3.1/../../../../arm-none-eabi/lib/thumb/v7e-m/fpv4-sp/hard\libc_nano.a
LOAD c:/st/stm32cubeide_1.3.0/stm32cubeide/plugins/com.st.stm32cube.ide.mcu.externaltools.gnu-tools-for-stm32.7-2018-q2-update.win32_1.0.0.201904181610/tools/bin/../lib/gcc/arm-none-eabi/7.3.1/../../../../arm-none-eabi/lib/thumb/v7e-m/fpv4-sp/hard\libm.a
END GROUP
START GROUP
LOAD c:/st/stm32cubeide_1.3.0/stm32cubeide/plugins/com.st.stm32cube.ide.mcu.externaltools.gnu-tools-for-stm32.7-2018-q2-update.win32_1.0.0.201904181610/tools/bin/../lib/gcc/arm-none-eabi/7.3.1/thumb/v7e-m/fpv4-sp/hard\libgcc.a
LOAD c:/st/stm32cubeide_1.3.0/stm32cubeide/plugins/com.st.stm32cube.ide.mcu.externaltools.gnu-tools-for-stm32.7-2018-q2-update.win32_1.0.0.201904181610/tools/bin/../lib/gcc/arm-none-eabi/7.3.1/../../../../arm-none-eabi/lib/thumb/v7e-m/fpv4-sp/hard\libc_nano.a
END GROUP
START GROUP
LOAD c:/st/stm32cubeide_1.3.0/stm32cubeide/plugins/com.st.stm32cube.ide.mcu.externaltools.gnu-tools-for-stm32.7-2018-q2-update.win32_1.0.0.201904181610/tools/bin/../lib/gcc/arm-none-eabi/7.3.1/thumb/v7e-m/fpv4-sp/hard\libgcc.a
LOAD c:/st/stm32cubeide_1.3.0/stm32cubeide/plugins/com.st.stm32cube.ide.mcu.externaltools.gnu-tools-for-stm32.7-2018-q2-update.win32_1.0.0.201904181610/tools/bin/../lib/gcc/arm-none-eabi/7.3.1/../../../../arm-none-eabi/lib/thumb/v7e-m/fpv4-sp/hard\libc_nano.a
LOAD c:/st/stm32cubeide_1.3.0/stm32cubeide/plugins/com.st.stm32cube.ide.mcu.externaltools.gnu-tools-for-stm32.7-2018-q2-update.win32_1.0.0.201904181610/tools/bin/../lib/gcc/arm-none-eabi/7.3.1/../../../../arm-none-eabi/lib/thumb/v7e-m/fpv4-sp/hard\libnosys.a
END GROUP
START GROUP
LOAD c:/st/stm32cubeide_1.3.0/stm32cubeide/plugins/com.st.stm32cube.ide.mcu.externaltools.gnu-tools-for-stm32.7-2018-q2-update.win32_1.0.0.201904181610/tools/bin/../lib/gcc/arm-none-eabi/7.3.1/thumb/v7e-m/fpv4-sp/hard\libgcc.a
LOAD c:/st/stm32cubeide_1.3.0/stm32cubeide/plugins/com.st.stm32cube.ide.mcu.externaltools.gnu-tools-for-stm32.7-2018-q2-update.win32_1.0.0.201904181610/tools/bin/../lib/gcc/arm-none-eabi/7.3.1/../../../../arm-none-eabi/lib/thumb/v7e-m/fpv4-sp/hard\libc_nano.a
LOAD c:/st/stm32cubeide_1.3.0/stm32cubeide/plugins/com.st.stm32cube.ide.mcu.externaltools.gnu-tools-for-stm32.7-2018-q2-update.win32_1.0.0.201904181610/tools/bin/../lib/gcc/arm-none-eabi/7.3.1/../../../../arm-none-eabi/lib/thumb/v7e-m/fpv4-sp/hard\libnosys.a
END GROUP
LOAD c:/st/stm32cubeide_1.3.0/stm32cubeide/plugins/com.st.stm32cube.ide.mcu.externaltools.gnu-tools-for-stm32.7-2018-q2-update.win32_1.0.0.201904181610/tools/bin/../lib/gcc/arm-none-eabi/7.3.1/thumb/v7e-m/fpv4-sp/hard/crtend.o
LOAD c:/st/stm32cubeide_1.3.0/stm32cubeide/plugins/com.st.stm32cube.ide.mcu.externaltools.gnu-tools-for-stm32.7-2018-q2-update.win32_1.0.0.201904181610/tools/bin/../lib/gcc/arm-none-eabi/7.3.1/thumb/v7e-m/fpv4-sp/hard/crtn.o
                0x0000000020050000                _estack = (ORIGIN (RAM) + LENGTH (RAM))
                0x0000000000000200                _Min_Heap_Size = 0x200
                0x0000000000000400                _Min_Stack_Size = 0x400

.isr_vector     0x0000000008000000      0x1bc
                0x0000000008000000                . = ALIGN (0x4)
 *(.isr_vector)
 .isr_vector    0x0000000008000000      0x1bc Core/Startup/startup_stm32l4p5zgtx.o
                0x0000000008000000                g_pfnVectors
                0x00000000080001bc                . = ALIGN (0x4)

.text           0x00000000080001c0     0x5ad4
                0x00000000080001c0                . = ALIGN (0x4)
 *(.text)
 .text          0x00000000080001c0       0x40 c:/st/stm32cubeide_1.3.0/stm32cubeide/plugins/com.st.stm32cube.ide.mcu.externaltools.gnu-tools-for-stm32.7-2018-q2-update.win32_1.0.0.201904181610/tools/bin/../lib/gcc/arm-none-eabi/7.3.1/thumb/v7e-m/fpv4-sp/hard/crtbegin.o
 .text          0x0000000008000200       0x30 c:/st/stm32cubeide_1.3.0/stm32cubeide/plugins/com.st.stm32cube.ide.mcu.externaltools.gnu-tools-for-stm32.7-2018-q2-update.win32_1.0.0.201904181610/tools/bin/../lib/gcc/arm-none-eabi/7.3.1/thumb/v7e-m/fpv4-sp/hard\libgcc.a(_aeabi_uldivmod.o)
                0x0000000008000200                __aeabi_uldivmod
 .text          0x0000000008000230      0x2cc c:/st/stm32cubeide_1.3.0/stm32cubeide/plugins/com.st.stm32cube.ide.mcu.externaltools.gnu-tools-for-stm32.7-2018-q2-update.win32_1.0.0.201904181610/tools/bin/../lib/gcc/arm-none-eabi/7.3.1/thumb/v7e-m/fpv4-sp/hard\libgcc.a(_udivmoddi4.o)
                0x0000000008000230                __udivmoddi4
 .text          0x00000000080004fc        0x4 c:/st/stm32cubeide_1.3.0/stm32cubeide/plugins/com.st.stm32cube.ide.mcu.externaltools.gnu-tools-for-stm32.7-2018-q2-update.win32_1.0.0.201904181610/tools/bin/../lib/gcc/arm-none-eabi/7.3.1/thumb/v7e-m/fpv4-sp/hard\libgcc.a(_dvmd_tls.o)
                0x00000000080004fc                __aeabi_idiv0
                0x00000000080004fc                __aeabi_ldiv0
 *(.text*)
 .text.main     0x0000000008000500       0x26 Core/Src/main.o
                0x0000000008000500                main
 *fill*         0x0000000008000526        0x2 
 .text.SystemClock_Config
                0x0000000008000528      0x13c Core/Src/main.o
                0x0000000008000528                SystemClock_Config
 .text.MX_I2C1_Init
                0x0000000008000664       0x88 Core/Src/main.o
 .text.MX_LPUART1_UART_Init
                0x00000000080006ec       0xa0 Core/Src/main.o
 .text.MX_USB_OTG_FS_PCD_Init
                0x000000000800078c       0x54 Core/Src/main.o
 .text.MX_GPIO_Init
                0x00000000080007e0      0x184 Core/Src/main.o
 .text.HAL_GPIO_EXTI_Callback
                0x0000000008000964       0x88 Core/Src/main.o
                0x0000000008000964                HAL_GPIO_EXTI_Callback
 .text.Error_Handler
                0x00000000080009ec        0xe Core/Src/main.o
                0x00000000080009ec                Error_Handler
 *fill*         0x00000000080009fa        0x2 
 .text.OLED_init
                0x00000000080009fc       0x90 Core/Src/oled.o
                0x00000000080009fc                OLED_init
 .text.Clear_All_RAM
                0x0000000008000a8c       0x52 Core/Src/oled.o
                0x0000000008000a8c                Clear_All_RAM
 *fill*         0x0000000008000ade        0x2 
 .text.writeCommand
                0x0000000008000ae0       0x30 Core/Src/oled.o
                0x0000000008000ae0                writeCommand
 .text.writeData
                0x0000000008000b10       0x30 Core/Src/oled.o
                0x0000000008000b10                writeData
 .text.printGif
                0x0000000008000b40       0x58 Core/Src/oled.o
                0x0000000008000b40                printGif
 .text.printBitmap
                0x0000000008000b98       0x7a Core/Src/oled.o
                0x0000000008000b98                printBitmap
 *fill*         0x0000000008000c12        0x2 
 .text.HAL_MspInit
                0x0000000008000c14       0x48 Core/Src/stm32l4xx_hal_msp.o
                0x0000000008000c14                HAL_MspInit
 .text.HAL_I2C_MspInit
                0x0000000008000c5c       0x8c Core/Src/stm32l4xx_hal_msp.o
                0x0000000008000c5c                HAL_I2C_MspInit
 .text.HAL_UART_MspInit
                0x0000000008000ce8       0x8c Core/Src/stm32l4xx_hal_msp.o
                0x0000000008000ce8                HAL_UART_MspInit
 .text.HAL_PCD_MspInit
                0x0000000008000d74       0xd8 Core/Src/stm32l4xx_hal_msp.o
                0x0000000008000d74                HAL_PCD_MspInit
 .text.NMI_Handler
                0x0000000008000e4c        0xe Core/Src/stm32l4xx_it.o
                0x0000000008000e4c                NMI_Handler
 .text.HardFault_Handler
                0x0000000008000e5a        0x6 Core/Src/stm32l4xx_it.o
                0x0000000008000e5a                HardFault_Handler
 .text.MemManage_Handler
                0x0000000008000e60        0x6 Core/Src/stm32l4xx_it.o
                0x0000000008000e60                MemManage_Handler
 .text.BusFault_Handler
                0x0000000008000e66        0x6 Core/Src/stm32l4xx_it.o
                0x0000000008000e66                BusFault_Handler
 .text.UsageFault_Handler
                0x0000000008000e6c        0x6 Core/Src/stm32l4xx_it.o
                0x0000000008000e6c                UsageFault_Handler
 .text.SVC_Handler
                0x0000000008000e72        0xe Core/Src/stm32l4xx_it.o
                0x0000000008000e72                SVC_Handler
 .text.DebugMon_Handler
                0x0000000008000e80        0xe Core/Src/stm32l4xx_it.o
                0x0000000008000e80                DebugMon_Handler
 .text.PendSV_Handler
                0x0000000008000e8e        0xe Core/Src/stm32l4xx_it.o
                0x0000000008000e8e                PendSV_Handler
 .text.SysTick_Handler
                0x0000000008000e9c        0xc Core/Src/stm32l4xx_it.o
                0x0000000008000e9c                SysTick_Handler
 .text.EXTI0_IRQHandler
                0x0000000008000ea8        0xe Core/Src/stm32l4xx_it.o
                0x0000000008000ea8                EXTI0_IRQHandler
 .text.EXTI3_IRQHandler
                0x0000000008000eb6        0xe Core/Src/stm32l4xx_it.o
                0x0000000008000eb6                EXTI3_IRQHandler
 .text.SystemInit
                0x0000000008000ec4       0x6c Core/Src/system_stm32l4xx.o
                0x0000000008000ec4                SystemInit
 .text.Reset_Handler
                0x0000000008000f30       0x50 Core/Startup/startup_stm32l4p5zgtx.o
                0x0000000008000f30                Reset_Handler
 .text.Default_Handler
                0x0000000008000f80        0x2 Core/Startup/startup_stm32l4p5zgtx.o
                0x0000000008000f80                RTC_Alarm_IRQHandler
                0x0000000008000f80                EXTI2_IRQHandler
                0x0000000008000f80                TIM8_TRG_COM_IRQHandler
                0x0000000008000f80                TIM8_CC_IRQHandler
                0x0000000008000f80                TIM1_CC_IRQHandler
                0x0000000008000f80                TSC_IRQHandler
                0x0000000008000f80                TAMP_STAMP_IRQHandler
                0x0000000008000f80                LPTIM2_IRQHandler
                0x0000000008000f80                DFSDM1_FLT1_IRQHandler
                0x0000000008000f80                I2C3_ER_IRQHandler
                0x0000000008000f80                I2C2_EV_IRQHandler
                0x0000000008000f80                CAN1_RX0_IRQHandler
                0x0000000008000f80                FPU_IRQHandler
                0x0000000008000f80                TIM1_UP_TIM16_IRQHandler
                0x0000000008000f80                LTDC_ER_IRQHandler
                0x0000000008000f80                ADC1_2_IRQHandler
                0x0000000008000f80                SPI1_IRQHandler
                0x0000000008000f80                OCTOSPI1_IRQHandler
                0x0000000008000f80                TIM6_DAC_IRQHandler
                0x0000000008000f80                TIM8_UP_IRQHandler
                0x0000000008000f80                OCTOSPI2_IRQHandler
                0x0000000008000f80                DMA2_Channel2_IRQHandler
                0x0000000008000f80                DMA1_Channel4_IRQHandler
                0x0000000008000f80                SAI2_IRQHandler
                0x0000000008000f80                USART3_IRQHandler
                0x0000000008000f80                DMA1_Channel7_IRQHandler
                0x0000000008000f80                CAN1_RX1_IRQHandler
                0x0000000008000f80                UART5_IRQHandler
                0x0000000008000f80                TIM4_IRQHandler
                0x0000000008000f80                DMA2_Channel1_IRQHandler
                0x0000000008000f80                I2C1_EV_IRQHandler
                0x0000000008000f80                DMAMUX1_OVR_IRQHandler
                0x0000000008000f80                DMA1_Channel6_IRQHandler
                0x0000000008000f80                UART4_IRQHandler
                0x0000000008000f80                DMA2_Channel4_IRQHandler
                0x0000000008000f80                TIM3_IRQHandler
                0x0000000008000f80                RCC_IRQHandler
                0x0000000008000f80                DMA1_Channel1_IRQHandler
                0x0000000008000f80                Default_Handler
                0x0000000008000f80                DMA2_Channel7_IRQHandler
                0x0000000008000f80                EXTI15_10_IRQHandler
                0x0000000008000f80                TIM7_IRQHandler
                0x0000000008000f80                SDMMC1_IRQHandler
                0x0000000008000f80                TIM5_IRQHandler
                0x0000000008000f80                I2C3_EV_IRQHandler
                0x0000000008000f80                EXTI9_5_IRQHandler
                0x0000000008000f80                RTC_WKUP_IRQHandler
                0x0000000008000f80                LTDC_IRQHandler
                0x0000000008000f80                PVD_PVM_IRQHandler
                0x0000000008000f80                SPI2_IRQHandler
                0x0000000008000f80                CAN1_TX_IRQHandler
                0x0000000008000f80                DMA2_Channel5_IRQHandler
                0x0000000008000f80                DMA1_Channel5_IRQHandler
                0x0000000008000f80                EXTI4_IRQHandler
                0x0000000008000f80                RNG_IRQHandler
                0x0000000008000f80                TIM1_TRG_COM_TIM17_IRQHandler
                0x0000000008000f80                DMA1_Channel3_IRQHandler
                0x0000000008000f80                COMP_IRQHandler
                0x0000000008000f80                HASH_CRS_IRQHandler
                0x0000000008000f80                WWDG_IRQHandler
                0x0000000008000f80                I2C4_EV_IRQHandler
                0x0000000008000f80                LPUART1_IRQHandler
                0x0000000008000f80                DMA2_Channel6_IRQHandler
                0x0000000008000f80                TIM2_IRQHandler
                0x0000000008000f80                DMA2D_IRQHandler
                0x0000000008000f80                EXTI1_IRQHandler
                0x0000000008000f80                SDMMC2_IRQHandler
                0x0000000008000f80                USART2_IRQHandler
                0x0000000008000f80                DFSDM1_FLT0_IRQHandler
                0x0000000008000f80                I2C2_ER_IRQHandler
                0x0000000008000f80                DMA1_Channel2_IRQHandler
                0x0000000008000f80                TIM8_BRK_IRQHandler
                0x0000000008000f80                CAN1_SCE_IRQHandler
                0x0000000008000f80                FLASH_IRQHandler
                0x0000000008000f80                USART1_IRQHandler
                0x0000000008000f80                OTG_FS_IRQHandler
                0x0000000008000f80                SPI3_IRQHandler
                0x0000000008000f80                I2C1_ER_IRQHandler
                0x0000000008000f80                FMC_IRQHandler
                0x0000000008000f80                LPTIM1_IRQHandler
                0x0000000008000f80                DCMI_PSSI_IRQHandler
                0x0000000008000f80                I2C4_ER_IRQHandler
                0x0000000008000f80                SAI1_IRQHandler
                0x0000000008000f80                DMA2_Channel3_IRQHandler
                0x0000000008000f80                TIM1_BRK_TIM15_IRQHandler
 .text.HAL_Init
                0x0000000008000f82       0x30 Drivers/STM32L4xx_HAL_Driver/Src/stm32l4xx_hal.o
                0x0000000008000f82                HAL_Init
 *fill*         0x0000000008000fb2        0x2 
 .text.HAL_InitTick
                0x0000000008000fb4       0x74 Drivers/STM32L4xx_HAL_Driver/Src/stm32l4xx_hal.o
                0x0000000008000fb4                HAL_InitTick
 .text.HAL_IncTick
                0x0000000008001028       0x24 Drivers/STM32L4xx_HAL_Driver/Src/stm32l4xx_hal.o
                0x0000000008001028                HAL_IncTick
 .text.HAL_GetTick
                0x000000000800104c       0x18 Drivers/STM32L4xx_HAL_Driver/Src/stm32l4xx_hal.o
                0x000000000800104c                HAL_GetTick
 .text.HAL_Delay
                0x0000000008001064       0x44 Drivers/STM32L4xx_HAL_Driver/Src/stm32l4xx_hal.o
                0x0000000008001064                HAL_Delay
 .text.__NVIC_SetPriorityGrouping
                0x00000000080010a8       0x48 Drivers/STM32L4xx_HAL_Driver/Src/stm32l4xx_hal_cortex.o
 .text.__NVIC_GetPriorityGrouping
                0x00000000080010f0       0x1c Drivers/STM32L4xx_HAL_Driver/Src/stm32l4xx_hal_cortex.o
 .text.__NVIC_EnableIRQ
                0x000000000800110c       0x3c Drivers/STM32L4xx_HAL_Driver/Src/stm32l4xx_hal_cortex.o
 .text.__NVIC_SetPriority
                0x0000000008001148       0x54 Drivers/STM32L4xx_HAL_Driver/Src/stm32l4xx_hal_cortex.o
 .text.NVIC_EncodePriority
                0x000000000800119c       0x66 Drivers/STM32L4xx_HAL_Driver/Src/stm32l4xx_hal_cortex.o
 *fill*         0x0000000008001202        0x2 
 .text.SysTick_Config
                0x0000000008001204       0x44 Drivers/STM32L4xx_HAL_Driver/Src/stm32l4xx_hal_cortex.o
 .text.HAL_NVIC_SetPriorityGrouping
                0x0000000008001248       0x16 Drivers/STM32L4xx_HAL_Driver/Src/stm32l4xx_hal_cortex.o
                0x0000000008001248                HAL_NVIC_SetPriorityGrouping
 .text.HAL_NVIC_SetPriority
                0x000000000800125e       0x38 Drivers/STM32L4xx_HAL_Driver/Src/stm32l4xx_hal_cortex.o
                0x000000000800125e                HAL_NVIC_SetPriority
 .text.HAL_NVIC_EnableIRQ
                0x0000000008001296       0x1c Drivers/STM32L4xx_HAL_Driver/Src/stm32l4xx_hal_cortex.o
                0x0000000008001296                HAL_NVIC_EnableIRQ
 .text.HAL_SYSTICK_Config
                0x00000000080012b2       0x18 Drivers/STM32L4xx_HAL_Driver/Src/stm32l4xx_hal_cortex.o
                0x00000000080012b2                HAL_SYSTICK_Config
 *fill*         0x00000000080012ca        0x2 
 .text.HAL_GPIO_Init
                0x00000000080012cc      0x324 Drivers/STM32L4xx_HAL_Driver/Src/stm32l4xx_hal_gpio.o
                0x00000000080012cc                HAL_GPIO_Init
 .text.HAL_GPIO_WritePin
                0x00000000080015f0       0x30 Drivers/STM32L4xx_HAL_Driver/Src/stm32l4xx_hal_gpio.o
                0x00000000080015f0                HAL_GPIO_WritePin
 .text.HAL_GPIO_TogglePin
                0x0000000008001620       0x32 Drivers/STM32L4xx_HAL_Driver/Src/stm32l4xx_hal_gpio.o
                0x0000000008001620                HAL_GPIO_TogglePin
 *fill*         0x0000000008001652        0x2 
 .text.HAL_GPIO_EXTI_IRQHandler
                0x0000000008001654       0x30 Drivers/STM32L4xx_HAL_Driver/Src/stm32l4xx_hal_gpio.o
                0x0000000008001654                HAL_GPIO_EXTI_IRQHandler
 .text.HAL_I2C_Init
                0x0000000008001684      0x11e Drivers/STM32L4xx_HAL_Driver/Src/stm32l4xx_hal_i2c.o
                0x0000000008001684                HAL_I2C_Init
 *fill*         0x00000000080017a2        0x2 
 .text.HAL_I2C_Master_Transmit
                0x00000000080017a4      0x1e8 Drivers/STM32L4xx_HAL_Driver/Src/stm32l4xx_hal_i2c.o
                0x00000000080017a4                HAL_I2C_Master_Transmit
 .text.HAL_I2C_IsDeviceReady
                0x000000000800198c      0x20e Drivers/STM32L4xx_HAL_Driver/Src/stm32l4xx_hal_i2c.o
                0x000000000800198c                HAL_I2C_IsDeviceReady
 .text.I2C_Flush_TXDR
                0x0000000008001b9a       0x48 Drivers/STM32L4xx_HAL_Driver/Src/stm32l4xx_hal_i2c.o
 .text.I2C_WaitOnFlagUntilTimeout
                0x0000000008001be2       0x80 Drivers/STM32L4xx_HAL_Driver/Src/stm32l4xx_hal_i2c.o
 .text.I2C_WaitOnTXISFlagUntilTimeout
                0x0000000008001c62       0x80 Drivers/STM32L4xx_HAL_Driver/Src/stm32l4xx_hal_i2c.o
 .text.I2C_WaitOnSTOPFlagUntilTimeout
                0x0000000008001ce2       0x78 Drivers/STM32L4xx_HAL_Driver/Src/stm32l4xx_hal_i2c.o
 *fill*         0x0000000008001d5a        0x2 
 .text.I2C_IsAcknowledgeFailed
                0x0000000008001d5c       0xcc Drivers/STM32L4xx_HAL_Driver/Src/stm32l4xx_hal_i2c.o
 .text.I2C_TransferConfig
                0x0000000008001e28       0x5c Drivers/STM32L4xx_HAL_Driver/Src/stm32l4xx_hal_i2c.o
 .text.HAL_I2CEx_ConfigAnalogFilter
                0x0000000008001e84       0x96 Drivers/STM32L4xx_HAL_Driver/Src/stm32l4xx_hal_i2c_ex.o
                0x0000000008001e84                HAL_I2CEx_ConfigAnalogFilter
 .text.HAL_I2CEx_ConfigDigitalFilter
                0x0000000008001f1a       0x98 Drivers/STM32L4xx_HAL_Driver/Src/stm32l4xx_hal_i2c_ex.o
                0x0000000008001f1a                HAL_I2CEx_ConfigDigitalFilter
 *fill*         0x0000000008001fb2        0x2 
 .text.HAL_I2CEx_EnableFastModePlus
                0x0000000008001fb4       0x40 Drivers/STM32L4xx_HAL_Driver/Src/stm32l4xx_hal_i2c_ex.o
                0x0000000008001fb4                HAL_I2CEx_EnableFastModePlus
 .text.HAL_PCD_Init
                0x0000000008001ff4      0x248 Drivers/STM32L4xx_HAL_Driver/Src/stm32l4xx_hal_pcd.o
                0x0000000008001ff4                HAL_PCD_Init
 .text.HAL_PCDEx_ActivateLPM
                0x000000000800223c       0x48 Drivers/STM32L4xx_HAL_Driver/Src/stm32l4xx_hal_pcd_ex.o
                0x000000000800223c                HAL_PCDEx_ActivateLPM
 .text.HAL_PWR_EnableBkUpAccess
                0x0000000008002284       0x20 Drivers/STM32L4xx_HAL_Driver/Src/stm32l4xx_hal_pwr.o
                0x0000000008002284                HAL_PWR_EnableBkUpAccess
 .text.HAL_PWREx_GetVoltageRange
                0x00000000080022a4       0x40 Drivers/STM32L4xx_HAL_Driver/Src/stm32l4xx_hal_pwr_ex.o
                0x00000000080022a4                HAL_PWREx_GetVoltageRange
 .text.HAL_PWREx_ControlVoltageScaling
                0x00000000080022e4      0x148 Drivers/STM32L4xx_HAL_Driver/Src/stm32l4xx_hal_pwr_ex.o
                0x00000000080022e4                HAL_PWREx_ControlVoltageScaling
 .text.HAL_PWREx_EnableVddUSB
                0x000000000800242c       0x20 Drivers/STM32L4xx_HAL_Driver/Src/stm32l4xx_hal_pwr_ex.o
                0x000000000800242c                HAL_PWREx_EnableVddUSB
 .text.HAL_PWREx_EnableVddIO2
                0x000000000800244c       0x20 Drivers/STM32L4xx_HAL_Driver/Src/stm32l4xx_hal_pwr_ex.o
                0x000000000800244c                HAL_PWREx_EnableVddIO2
 .text.HAL_RCC_OscConfig
                0x000000000800246c      0x910 Drivers/STM32L4xx_HAL_Driver/Src/stm32l4xx_hal_rcc.o
                0x000000000800246c                HAL_RCC_OscConfig
 .text.HAL_RCC_ClockConfig
                0x0000000008002d7c      0x258 Drivers/STM32L4xx_HAL_Driver/Src/stm32l4xx_hal_rcc.o
                0x0000000008002d7c                HAL_RCC_ClockConfig
 .text.HAL_RCC_GetSysClockFreq
                0x0000000008002fd4      0x114 Drivers/STM32L4xx_HAL_Driver/Src/stm32l4xx_hal_rcc.o
                0x0000000008002fd4                HAL_RCC_GetSysClockFreq
 .text.HAL_RCC_GetHCLKFreq
                0x00000000080030e8       0x18 Drivers/STM32L4xx_HAL_Driver/Src/stm32l4xx_hal_rcc.o
                0x00000000080030e8                HAL_RCC_GetHCLKFreq
 .text.HAL_RCC_GetPCLK1Freq
                0x0000000008003100       0x2c Drivers/STM32L4xx_HAL_Driver/Src/stm32l4xx_hal_rcc.o
                0x0000000008003100                HAL_RCC_GetPCLK1Freq
 .text.HAL_RCC_GetPCLK2Freq
                0x000000000800312c       0x2c Drivers/STM32L4xx_HAL_Driver/Src/stm32l4xx_hal_rcc.o
                0x000000000800312c                HAL_RCC_GetPCLK2Freq
 .text.RCC_SetFlashLatencyFromMSIRange
                0x0000000008003158       0xb4 Drivers/STM32L4xx_HAL_Driver/Src/stm32l4xx_hal_rcc.o
 .text.RCC_GetSysClockFreqFromPLLSource
                0x000000000800320c       0xd0 Drivers/STM32L4xx_HAL_Driver/Src/stm32l4xx_hal_rcc.o
 .text.HAL_RCCEx_PeriphCLKConfig
                0x00000000080032dc      0x6c8 Drivers/STM32L4xx_HAL_Driver/Src/stm32l4xx_hal_rcc_ex.o
                0x00000000080032dc                HAL_RCCEx_PeriphCLKConfig
 .text.HAL_RCCEx_EnableMSIPLLMode
                0x00000000080039a4       0x20 Drivers/STM32L4xx_HAL_Driver/Src/stm32l4xx_hal_rcc_ex.o
                0x00000000080039a4                HAL_RCCEx_EnableMSIPLLMode
 .text.RCCEx_PLLSAI1_Config
                0x00000000080039c4      0x1e0 Drivers/STM32L4xx_HAL_Driver/Src/stm32l4xx_hal_rcc_ex.o
 .text.RCCEx_PLLSAI2_Config
                0x0000000008003ba4      0x1e0 Drivers/STM32L4xx_HAL_Driver/Src/stm32l4xx_hal_rcc_ex.o
 .text.HAL_UART_Init
                0x0000000008003d84       0xa0 Drivers/STM32L4xx_HAL_Driver/Src/stm32l4xx_hal_uart.o
                0x0000000008003d84                HAL_UART_Init
 *fill*         0x0000000008003e24        0x4 
 .text.UART_SetConfig
                0x0000000008003e28     0x13dc Drivers/STM32L4xx_HAL_Driver/Src/stm32l4xx_hal_uart.o
                0x0000000008003e28                UART_SetConfig
 .text.UART_AdvFeatureConfig
                0x0000000008005204      0x144 Drivers/STM32L4xx_HAL_Driver/Src/stm32l4xx_hal_uart.o
                0x0000000008005204                UART_AdvFeatureConfig
 .text.UART_CheckIdleState
                0x0000000008005348       0x90 Drivers/STM32L4xx_HAL_Driver/Src/stm32l4xx_hal_uart.o
                0x0000000008005348                UART_CheckIdleState
 .text.UART_WaitOnFlagUntilTimeout
                0x00000000080053d8      0x100 Drivers/STM32L4xx_HAL_Driver/Src/stm32l4xx_hal_uart.o
                0x00000000080053d8                UART_WaitOnFlagUntilTimeout
 .text.HAL_UARTEx_DisableFifoMode
                0x00000000080054d8       0x72 Drivers/STM32L4xx_HAL_Driver/Src/stm32l4xx_hal_uart_ex.o
                0x00000000080054d8                HAL_UARTEx_DisableFifoMode
 .text.HAL_UARTEx_SetTxFifoThreshold
                0x000000000800554a       0x7c Drivers/STM32L4xx_HAL_Driver/Src/stm32l4xx_hal_uart_ex.o
                0x000000000800554a                HAL_UARTEx_SetTxFifoThreshold
 .text.HAL_UARTEx_SetRxFifoThreshold
                0x00000000080055c6       0x7c Drivers/STM32L4xx_HAL_Driver/Src/stm32l4xx_hal_uart_ex.o
                0x00000000080055c6                HAL_UARTEx_SetRxFifoThreshold
 *fill*         0x0000000008005642        0x2 
 .text.UARTEx_SetNbDataToProcess
                0x0000000008005644       0xd0 Drivers/STM32L4xx_HAL_Driver/Src/stm32l4xx_hal_uart_ex.o
 .text.USB_CoreInit
                0x0000000008005714       0xa4 Drivers/STM32L4xx_HAL_Driver/Src/stm32l4xx_ll_usb.o
                0x0000000008005714                USB_CoreInit
 .text.USB_DisableGlobalInt
                0x00000000080057b8       0x22 Drivers/STM32L4xx_HAL_Driver/Src/stm32l4xx_ll_usb.o
                0x00000000080057b8                USB_DisableGlobalInt
 .text.USB_SetCurrentMode
                0x00000000080057da       0x54 Drivers/STM32L4xx_HAL_Driver/Src/stm32l4xx_ll_usb.o
                0x00000000080057da                USB_SetCurrentMode
 *fill*         0x000000000800582e        0x2 
 .text.USB_DevInit
                0x0000000008005830      0x298 Drivers/STM32L4xx_HAL_Driver/Src/stm32l4xx_ll_usb.o
                0x0000000008005830                USB_DevInit
 .text.USB_FlushTxFifo
                0x0000000008005ac8       0x4c Drivers/STM32L4xx_HAL_Driver/Src/stm32l4xx_ll_usb.o
                0x0000000008005ac8                USB_FlushTxFifo
 .text.USB_FlushRxFifo
                0x0000000008005b14       0x44 Drivers/STM32L4xx_HAL_Driver/Src/stm32l4xx_ll_usb.o
                0x0000000008005b14                USB_FlushRxFifo
 .text.USB_SetDevSpeed
                0x0000000008005b58       0x32 Drivers/STM32L4xx_HAL_Driver/Src/stm32l4xx_ll_usb.o
                0x0000000008005b58                USB_SetDevSpeed
 .text.USB_DevDisconnect
                0x0000000008005b8a       0x30 Drivers/STM32L4xx_HAL_Driver/Src/stm32l4xx_ll_usb.o
                0x0000000008005b8a                USB_DevDisconnect
 *fill*         0x0000000008005bba        0x2 
 .text.USB_CoreReset
                0x0000000008005bbc       0x68 Drivers/STM32L4xx_HAL_Driver/Src/stm32l4xx_ll_usb.o
 .text.__libc_init_array
                0x0000000008005c24       0x48 c:/st/stm32cubeide_1.3.0/stm32cubeide/plugins/com.st.stm32cube.ide.mcu.externaltools.gnu-tools-for-stm32.7-2018-q2-update.win32_1.0.0.201904181610/tools/bin/../lib/gcc/arm-none-eabi/7.3.1/../../../../arm-none-eabi/lib/thumb/v7e-m/fpv4-sp/hard\libc_nano.a(lib_a-init.o)
                0x0000000008005c24                __libc_init_array
 .text.memset   0x0000000008005c6c       0x10 c:/st/stm32cubeide_1.3.0/stm32cubeide/plugins/com.st.stm32cube.ide.mcu.externaltools.gnu-tools-for-stm32.7-2018-q2-update.win32_1.0.0.201904181610/tools/bin/../lib/gcc/arm-none-eabi/7.3.1/../../../../arm-none-eabi/lib/thumb/v7e-m/fpv4-sp/hard\libc_nano.a(lib_a-memset.o)
                0x0000000008005c6c                memset
 *(.glue_7)
 .glue_7        0x0000000008005c7c        0x0 linker stubs
 *(.glue_7t)
 .glue_7t       0x0000000008005c7c        0x0 linker stubs
 *(.eh_frame)
 .eh_frame      0x0000000008005c7c        0x0 c:/st/stm32cubeide_1.3.0/stm32cubeide/plugins/com.st.stm32cube.ide.mcu.externaltools.gnu-tools-for-stm32.7-2018-q2-update.win32_1.0.0.201904181610/tools/bin/../lib/gcc/arm-none-eabi/7.3.1/thumb/v7e-m/fpv4-sp/hard/crtbegin.o
 *(.init)
 .init          0x0000000008005c7c        0x4 c:/st/stm32cubeide_1.3.0/stm32cubeide/plugins/com.st.stm32cube.ide.mcu.externaltools.gnu-tools-for-stm32.7-2018-q2-update.win32_1.0.0.201904181610/tools/bin/../lib/gcc/arm-none-eabi/7.3.1/thumb/v7e-m/fpv4-sp/hard/crti.o
                0x0000000008005c7c                _init
 .init          0x0000000008005c80        0x8 c:/st/stm32cubeide_1.3.0/stm32cubeide/plugins/com.st.stm32cube.ide.mcu.externaltools.gnu-tools-for-stm32.7-2018-q2-update.win32_1.0.0.201904181610/tools/bin/../lib/gcc/arm-none-eabi/7.3.1/thumb/v7e-m/fpv4-sp/hard/crtn.o
 *(.fini)
 .fini          0x0000000008005c88        0x4 c:/st/stm32cubeide_1.3.0/stm32cubeide/plugins/com.st.stm32cube.ide.mcu.externaltools.gnu-tools-for-stm32.7-2018-q2-update.win32_1.0.0.201904181610/tools/bin/../lib/gcc/arm-none-eabi/7.3.1/thumb/v7e-m/fpv4-sp/hard/crti.o
                0x0000000008005c88                _fini
 .fini          0x0000000008005c8c        0x8 c:/st/stm32cubeide_1.3.0/stm32cubeide/plugins/com.st.stm32cube.ide.mcu.externaltools.gnu-tools-for-stm32.7-2018-q2-update.win32_1.0.0.201904181610/tools/bin/../lib/gcc/arm-none-eabi/7.3.1/thumb/v7e-m/fpv4-sp/hard/crtn.o
                0x0000000008005c94                . = ALIGN (0x4)
                0x0000000008005c94                _etext = .

.vfp11_veneer   0x0000000008005c94        0x0
 .vfp11_veneer  0x0000000008005c94        0x0 linker stubs

.v4_bx          0x0000000008005c94        0x0
 .v4_bx         0x0000000008005c94        0x0 linker stubs

.iplt           0x0000000008005c94        0x0
 .iplt          0x0000000008005c94        0x0 c:/st/stm32cubeide_1.3.0/stm32cubeide/plugins/com.st.stm32cube.ide.mcu.externaltools.gnu-tools-for-stm32.7-2018-q2-update.win32_1.0.0.201904181610/tools/bin/../lib/gcc/arm-none-eabi/7.3.1/thumb/v7e-m/fpv4-sp/hard/crtbegin.o

.rodata         0x0000000008005c94     0x4058
                0x0000000008005c94                . = ALIGN (0x4)
 *(.rodata)
 .rodata        0x0000000008005c94       0x10 Drivers/STM32L4xx_HAL_Driver/Src/stm32l4xx_hal_uart_ex.o
 *(.rodata*)
 .rodata.Screen1
                0x0000000008005ca4      0x800 Core/Src/oled.o
                0x0000000008005ca4                Screen1
 .rodata.Screen2
                0x00000000080064a4      0x800 Core/Src/oled.o
                0x00000000080064a4                Screen2
 .rodata.Screen3
                0x0000000008006ca4      0x800 Core/Src/oled.o
                0x0000000008006ca4                Screen3
 .rodata.Screen4
                0x00000000080074a4      0x800 Core/Src/oled.o
                0x00000000080074a4                Screen4
 .rodata.Screen5
                0x0000000008007ca4      0x800 Core/Src/oled.o
                0x0000000008007ca4                Screen5
 .rodata.Screen6
                0x00000000080084a4      0x800 Core/Src/oled.o
                0x00000000080084a4                Screen6
 .rodata.Screen7
                0x0000000008008ca4      0x800 Core/Src/oled.o
                0x0000000008008ca4                Screen7
 .rodata.Screen8
                0x00000000080094a4      0x800 Core/Src/oled.o
                0x00000000080094a4                Screen8
 .rodata.AHBPrescTable
                0x0000000008009ca4       0x10 Core/Src/system_stm32l4xx.o
                0x0000000008009ca4                AHBPrescTable
 .rodata.APBPrescTable
                0x0000000008009cb4        0x8 Core/Src/system_stm32l4xx.o
                0x0000000008009cb4                APBPrescTable
 .rodata.MSIRangeTable
                0x0000000008009cbc       0x30 Core/Src/system_stm32l4xx.o
                0x0000000008009cbc                MSIRangeTable
                0x0000000008009cec                . = ALIGN (0x4)

.ARM.extab      0x0000000008009cec        0x0
                0x0000000008009cec                . = ALIGN (0x4)
 *(.ARM.extab* .gnu.linkonce.armextab.*)
                0x0000000008009cec                . = ALIGN (0x4)

.ARM            0x0000000008009cec        0x8
                0x0000000008009cec                . = ALIGN (0x4)
                0x0000000008009cec                __exidx_start = .
 *(.ARM.exidx*)
 .ARM.exidx     0x0000000008009cec        0x8 c:/st/stm32cubeide_1.3.0/stm32cubeide/plugins/com.st.stm32cube.ide.mcu.externaltools.gnu-tools-for-stm32.7-2018-q2-update.win32_1.0.0.201904181610/tools/bin/../lib/gcc/arm-none-eabi/7.3.1/thumb/v7e-m/fpv4-sp/hard\libgcc.a(_udivmoddi4.o)
                0x0000000008009cf4                __exidx_end = .
                0x0000000008009cf4                . = ALIGN (0x4)

.rel.dyn        0x0000000008009cf4        0x0
 .rel.iplt      0x0000000008009cf4        0x0 c:/st/stm32cubeide_1.3.0/stm32cubeide/plugins/com.st.stm32cube.ide.mcu.externaltools.gnu-tools-for-stm32.7-2018-q2-update.win32_1.0.0.201904181610/tools/bin/../lib/gcc/arm-none-eabi/7.3.1/thumb/v7e-m/fpv4-sp/hard/crtbegin.o

.preinit_array  0x0000000008009cf4        0x0
                0x0000000008009cf4                . = ALIGN (0x4)
                0x0000000008009cf4                PROVIDE (__preinit_array_start = .)
 *(.preinit_array*)
                0x0000000008009cf4                PROVIDE (__preinit_array_end = .)
                0x0000000008009cf4                . = ALIGN (0x4)

.init_array     0x0000000008009cf4        0x4
                0x0000000008009cf4                . = ALIGN (0x4)
                0x0000000008009cf4                PROVIDE (__init_array_start = .)
 *(SORT_BY_NAME(.init_array.*))
 *(.init_array*)
 .init_array    0x0000000008009cf4        0x4 c:/st/stm32cubeide_1.3.0/stm32cubeide/plugins/com.st.stm32cube.ide.mcu.externaltools.gnu-tools-for-stm32.7-2018-q2-update.win32_1.0.0.201904181610/tools/bin/../lib/gcc/arm-none-eabi/7.3.1/thumb/v7e-m/fpv4-sp/hard/crtbegin.o
                0x0000000008009cf8                PROVIDE (__init_array_end = .)
                0x0000000008009cf8                . = ALIGN (0x4)

.fini_array     0x0000000008009cf8        0x4
                0x0000000008009cf8                . = ALIGN (0x4)
                [!provide]                        PROVIDE (__fini_array_start = .)
 *(SORT_BY_NAME(.fini_array.*))
 *(.fini_array*)
 .fini_array    0x0000000008009cf8        0x4 c:/st/stm32cubeide_1.3.0/stm32cubeide/plugins/com.st.stm32cube.ide.mcu.externaltools.gnu-tools-for-stm32.7-2018-q2-update.win32_1.0.0.201904181610/tools/bin/../lib/gcc/arm-none-eabi/7.3.1/thumb/v7e-m/fpv4-sp/hard/crtbegin.o
                [!provide]                        PROVIDE (__fini_array_end = .)
                0x0000000008009cfc                . = ALIGN (0x4)
                0x0000000008009cfc                _sidata = LOADADDR (.data)

.data           0x0000000020000000        0xc load address 0x0000000008009cfc
                0x0000000020000000                . = ALIGN (0x4)
                0x0000000020000000                _sdata = .
 *(.data)
 *(.data*)
 .data.SystemCoreClock
                0x0000000020000000        0x4 Core/Src/system_stm32l4xx.o
                0x0000000020000000                SystemCoreClock
 .data.uwTickPrio
                0x0000000020000004        0x4 Drivers/STM32L4xx_HAL_Driver/Src/stm32l4xx_hal.o
                0x0000000020000004                uwTickPrio
 .data.uwTickFreq
                0x0000000020000008        0x4 Drivers/STM32L4xx_HAL_Driver/Src/stm32l4xx_hal.o
                0x0000000020000008                uwTickFreq
                0x000000002000000c                . = ALIGN (0x4)
                0x000000002000000c                _edata = .

.igot.plt       0x000000002000000c        0x0 load address 0x0000000008009d08
 .igot.plt      0x000000002000000c        0x0 c:/st/stm32cubeide_1.3.0/stm32cubeide/plugins/com.st.stm32cube.ide.mcu.externaltools.gnu-tools-for-stm32.7-2018-q2-update.win32_1.0.0.201904181610/tools/bin/../lib/gcc/arm-none-eabi/7.3.1/thumb/v7e-m/fpv4-sp/hard/crtbegin.o
                0x000000002000000c                . = ALIGN (0x4)

.bss            0x000000002000000c      0x58c load address 0x0000000008009d08
                0x000000002000000c                _sbss = .
                0x000000002000000c                __bss_start__ = _sbss
 *(.bss)
 .bss           0x000000002000000c       0x1c c:/st/stm32cubeide_1.3.0/stm32cubeide/plugins/com.st.stm32cube.ide.mcu.externaltools.gnu-tools-for-stm32.7-2018-q2-update.win32_1.0.0.201904181610/tools/bin/../lib/gcc/arm-none-eabi/7.3.1/thumb/v7e-m/fpv4-sp/hard/crtbegin.o
 *(.bss*)
 *(COMMON)
 COMMON         0x0000000020000028      0x56c Core/Src/main.o
                0x0000000020000028                hi2c1
                0x0000000020000074                hpcd_USB_OTG_FS
                0x000000002000047c                hlpuart1
                0x0000000020000508                huart1
 COMMON         0x0000000020000594        0x4 Drivers/STM32L4xx_HAL_Driver/Src/stm32l4xx_hal.o
                0x0000000020000594                uwTick
                0x0000000020000598                . = ALIGN (0x4)
                0x0000000020000598                _ebss = .
                0x0000000020000598                __bss_end__ = _ebss

._user_heap_stack
                0x0000000020000598      0x600 load address 0x0000000008009d08
                0x0000000020000598                . = ALIGN (0x8)
                0x0000000020000598                PROVIDE (end = .)
                [!provide]                        PROVIDE (_end = .)
                0x0000000020000798                . = (. + _Min_Heap_Size)
 *fill*         0x0000000020000598      0x200 
                0x0000000020000b98                . = (. + _Min_Stack_Size)
 *fill*         0x0000000020000798      0x400 
                0x0000000020000b98                . = ALIGN (0x8)

/DISCARD/
 libc.a(*)
 libm.a(*)
 libgcc.a(*)

.ARM.attributes
                0x0000000000000000       0x30
 *(.ARM.attributes)
 .ARM.attributes
                0x0000000000000000       0x22 c:/st/stm32cubeide_1.3.0/stm32cubeide/plugins/com.st.stm32cube.ide.mcu.externaltools.gnu-tools-for-stm32.7-2018-q2-update.win32_1.0.0.201904181610/tools/bin/../lib/gcc/arm-none-eabi/7.3.1/thumb/v7e-m/fpv4-sp/hard/crti.o
 .ARM.attributes
                0x0000000000000022       0x34 c:/st/stm32cubeide_1.3.0/stm32cubeide/plugins/com.st.stm32cube.ide.mcu.externaltools.gnu-tools-for-stm32.7-2018-q2-update.win32_1.0.0.201904181610/tools/bin/../lib/gcc/arm-none-eabi/7.3.1/thumb/v7e-m/fpv4-sp/hard/crtbegin.o
 .ARM.attributes
                0x0000000000000056       0x39 Core/Src/main.o
 .ARM.attributes
                0x000000000000008f       0x39 Core/Src/oled.o
 .ARM.attributes
                0x00000000000000c8       0x39 Core/Src/stm32l4xx_hal_msp.o
 .ARM.attributes
                0x0000000000000101       0x39 Core/Src/stm32l4xx_it.o
 .ARM.attributes
                0x000000000000013a       0x39 Core/Src/system_stm32l4xx.o
 .ARM.attributes
                0x0000000000000173       0x21 Core/Startup/startup_stm32l4p5zgtx.o
 .ARM.attributes
                0x0000000000000194       0x39 Drivers/STM32L4xx_HAL_Driver/Src/stm32l4xx_hal.o
 .ARM.attributes
                0x00000000000001cd       0x39 Drivers/STM32L4xx_HAL_Driver/Src/stm32l4xx_hal_cortex.o
 .ARM.attributes
                0x0000000000000206       0x39 Drivers/STM32L4xx_HAL_Driver/Src/stm32l4xx_hal_gpio.o
 .ARM.attributes
                0x000000000000023f       0x39 Drivers/STM32L4xx_HAL_Driver/Src/stm32l4xx_hal_i2c.o
 .ARM.attributes
                0x0000000000000278       0x39 Drivers/STM32L4xx_HAL_Driver/Src/stm32l4xx_hal_i2c_ex.o
 .ARM.attributes
                0x00000000000002b1       0x39 Drivers/STM32L4xx_HAL_Driver/Src/stm32l4xx_hal_pcd.o
 .ARM.attributes
                0x00000000000002ea       0x39 Drivers/STM32L4xx_HAL_Driver/Src/stm32l4xx_hal_pcd_ex.o
 .ARM.attributes
                0x0000000000000323       0x39 Drivers/STM32L4xx_HAL_Driver/Src/stm32l4xx_hal_pwr.o
 .ARM.attributes
                0x000000000000035c       0x39 Drivers/STM32L4xx_HAL_Driver/Src/stm32l4xx_hal_pwr_ex.o
 .ARM.attributes
                0x0000000000000395       0x39 Drivers/STM32L4xx_HAL_Driver/Src/stm32l4xx_hal_rcc.o
 .ARM.attributes
                0x00000000000003ce       0x39 Drivers/STM32L4xx_HAL_Driver/Src/stm32l4xx_hal_rcc_ex.o
 .ARM.attributes
                0x0000000000000407       0x39 Drivers/STM32L4xx_HAL_Driver/Src/stm32l4xx_hal_uart.o
 .ARM.attributes
                0x0000000000000440       0x39 Drivers/STM32L4xx_HAL_Driver/Src/stm32l4xx_hal_uart_ex.o
 .ARM.attributes
                0x0000000000000479       0x39 Drivers/STM32L4xx_HAL_Driver/Src/stm32l4xx_ll_usb.o
 .ARM.attributes
                0x00000000000004b2       0x34 c:/st/stm32cubeide_1.3.0/stm32cubeide/plugins/com.st.stm32cube.ide.mcu.externaltools.gnu-tools-for-stm32.7-2018-q2-update.win32_1.0.0.201904181610/tools/bin/../lib/gcc/arm-none-eabi/7.3.1/../../../../arm-none-eabi/lib/thumb/v7e-m/fpv4-sp/hard\libc_nano.a(lib_a-init.o)
 .ARM.attributes
                0x00000000000004e6       0x34 c:/st/stm32cubeide_1.3.0/stm32cubeide/plugins/com.st.stm32cube.ide.mcu.externaltools.gnu-tools-for-stm32.7-2018-q2-update.win32_1.0.0.201904181610/tools/bin/../lib/gcc/arm-none-eabi/7.3.1/../../../../arm-none-eabi/lib/thumb/v7e-m/fpv4-sp/hard\libc_nano.a(lib_a-memset.o)
 .ARM.attributes
                0x000000000000051a       0x22 c:/st/stm32cubeide_1.3.0/stm32cubeide/plugins/com.st.stm32cube.ide.mcu.externaltools.gnu-tools-for-stm32.7-2018-q2-update.win32_1.0.0.201904181610/tools/bin/../lib/gcc/arm-none-eabi/7.3.1/thumb/v7e-m/fpv4-sp/hard\libgcc.a(_aeabi_uldivmod.o)
 .ARM.attributes
                0x000000000000053c       0x34 c:/st/stm32cubeide_1.3.0/stm32cubeide/plugins/com.st.stm32cube.ide.mcu.externaltools.gnu-tools-for-stm32.7-2018-q2-update.win32_1.0.0.201904181610/tools/bin/../lib/gcc/arm-none-eabi/7.3.1/thumb/v7e-m/fpv4-sp/hard\libgcc.a(_udivmoddi4.o)
 .ARM.attributes
                0x0000000000000570       0x22 c:/st/stm32cubeide_1.3.0/stm32cubeide/plugins/com.st.stm32cube.ide.mcu.externaltools.gnu-tools-for-stm32.7-2018-q2-update.win32_1.0.0.201904181610/tools/bin/../lib/gcc/arm-none-eabi/7.3.1/thumb/v7e-m/fpv4-sp/hard\libgcc.a(_dvmd_tls.o)
 .ARM.attributes
                0x0000000000000592       0x22 c:/st/stm32cubeide_1.3.0/stm32cubeide/plugins/com.st.stm32cube.ide.mcu.externaltools.gnu-tools-for-stm32.7-2018-q2-update.win32_1.0.0.201904181610/tools/bin/../lib/gcc/arm-none-eabi/7.3.1/thumb/v7e-m/fpv4-sp/hard/crtn.o
OUTPUT(ISRs.elf elf32-littlearm)

.debug_info     0x0000000000000000    0x12dd1
 .debug_info    0x0000000000000000     0x1af5 Core/Src/main.o
 .debug_info    0x0000000000001af5      0xa48 Core/Src/oled.o
 .debug_info    0x000000000000253d     0x1556 Core/Src/stm32l4xx_hal_msp.o
 .debug_info    0x0000000000003a93      0x350 Core/Src/stm32l4xx_it.o
 .debug_info    0x0000000000003de3      0x72a Core/Src/system_stm32l4xx.o
 .debug_info    0x000000000000450d       0x22 Core/Startup/startup_stm32l4p5zgtx.o
 .debug_info    0x000000000000452f      0xc3f Drivers/STM32L4xx_HAL_Driver/Src/stm32l4xx_hal.o
 .debug_info    0x000000000000516e      0xf5a Drivers/STM32L4xx_HAL_Driver/Src/stm32l4xx_hal_cortex.o
 .debug_info    0x00000000000060c8      0x9b6 Drivers/STM32L4xx_HAL_Driver/Src/stm32l4xx_hal_gpio.o
 .debug_info    0x0000000000006a7e     0x21e2 Drivers/STM32L4xx_HAL_Driver/Src/stm32l4xx_hal_i2c.o
 .debug_info    0x0000000000008c60      0xc88 Drivers/STM32L4xx_HAL_Driver/Src/stm32l4xx_hal_i2c_ex.o
 .debug_info    0x00000000000098e8     0x1281 Drivers/STM32L4xx_HAL_Driver/Src/stm32l4xx_hal_pcd.o
 .debug_info    0x000000000000ab69      0x9d5 Drivers/STM32L4xx_HAL_Driver/Src/stm32l4xx_hal_pcd_ex.o
 .debug_info    0x000000000000b53e      0xad8 Drivers/STM32L4xx_HAL_Driver/Src/stm32l4xx_hal_pwr.o
 .debug_info    0x000000000000c016      0xbb4 Drivers/STM32L4xx_HAL_Driver/Src/stm32l4xx_hal_pwr_ex.o
 .debug_info    0x000000000000cbca      0xe6e Drivers/STM32L4xx_HAL_Driver/Src/stm32l4xx_hal_rcc.o
 .debug_info    0x000000000000da38     0x1248 Drivers/STM32L4xx_HAL_Driver/Src/stm32l4xx_hal_rcc_ex.o
 .debug_info    0x000000000000ec80     0x1a9d Drivers/STM32L4xx_HAL_Driver/Src/stm32l4xx_hal_uart.o
 .debug_info    0x000000000001071d      0xc9f Drivers/STM32L4xx_HAL_Driver/Src/stm32l4xx_hal_uart_ex.o
 .debug_info    0x00000000000113bc     0x1a15 Drivers/STM32L4xx_HAL_Driver/Src/stm32l4xx_ll_usb.o

.debug_abbrev   0x0000000000000000     0x2608
 .debug_abbrev  0x0000000000000000      0x27f Core/Src/main.o
 .debug_abbrev  0x000000000000027f      0x1b5 Core/Src/oled.o
 .debug_abbrev  0x0000000000000434      0x207 Core/Src/stm32l4xx_hal_msp.o
 .debug_abbrev  0x000000000000063b       0xe2 Core/Src/stm32l4xx_it.o
 .debug_abbrev  0x000000000000071d      0x150 Core/Src/system_stm32l4xx.o
 .debug_abbrev  0x000000000000086d       0x12 Core/Startup/startup_stm32l4p5zgtx.o
 .debug_abbrev  0x000000000000087f      0x1fb Drivers/STM32L4xx_HAL_Driver/Src/stm32l4xx_hal.o
 .debug_abbrev  0x0000000000000a7a      0x2fa Drivers/STM32L4xx_HAL_Driver/Src/stm32l4xx_hal_cortex.o
 .debug_abbrev  0x0000000000000d74      0x1c0 Drivers/STM32L4xx_HAL_Driver/Src/stm32l4xx_hal_gpio.o
 .debug_abbrev  0x0000000000000f34      0x22a Drivers/STM32L4xx_HAL_Driver/Src/stm32l4xx_hal_i2c.o
 .debug_abbrev  0x000000000000115e      0x1b9 Drivers/STM32L4xx_HAL_Driver/Src/stm32l4xx_hal_i2c_ex.o
 .debug_abbrev  0x0000000000001317      0x266 Drivers/STM32L4xx_HAL_Driver/Src/stm32l4xx_hal_pcd.o
 .debug_abbrev  0x000000000000157d      0x214 Drivers/STM32L4xx_HAL_Driver/Src/stm32l4xx_hal_pcd_ex.o
 .debug_abbrev  0x0000000000001791      0x18b Drivers/STM32L4xx_HAL_Driver/Src/stm32l4xx_hal_pwr.o
 .debug_abbrev  0x000000000000191c      0x1cb Drivers/STM32L4xx_HAL_Driver/Src/stm32l4xx_hal_pwr_ex.o
 .debug_abbrev  0x0000000000001ae7      0x295 Drivers/STM32L4xx_HAL_Driver/Src/stm32l4xx_hal_rcc.o
 .debug_abbrev  0x0000000000001d7c      0x238 Drivers/STM32L4xx_HAL_Driver/Src/stm32l4xx_hal_rcc_ex.o
 .debug_abbrev  0x0000000000001fb4      0x205 Drivers/STM32L4xx_HAL_Driver/Src/stm32l4xx_hal_uart.o
 .debug_abbrev  0x00000000000021b9      0x1e2 Drivers/STM32L4xx_HAL_Driver/Src/stm32l4xx_hal_uart_ex.o
 .debug_abbrev  0x000000000000239b      0x26d Drivers/STM32L4xx_HAL_Driver/Src/stm32l4xx_ll_usb.o

.debug_aranges  0x0000000000000000     0x10c0
 .debug_aranges
                0x0000000000000000       0x58 Core/Src/main.o
 .debug_aranges
                0x0000000000000058       0x48 Core/Src/oled.o
 .debug_aranges
                0x00000000000000a0       0x50 Core/Src/stm32l4xx_hal_msp.o
 .debug_aranges
                0x00000000000000f0       0x70 Core/Src/stm32l4xx_it.o
 .debug_aranges
                0x0000000000000160       0x28 Core/Src/system_stm32l4xx.o
 .debug_aranges
                0x0000000000000188       0x28 Core/Startup/startup_stm32l4p5zgtx.o
 .debug_aranges
                0x00000000000001b0      0x130 Drivers/STM32L4xx_HAL_Driver/Src/stm32l4xx_hal.o
 .debug_aranges
                0x00000000000002e0      0x118 Drivers/STM32L4xx_HAL_Driver/Src/stm32l4xx_hal_cortex.o
 .debug_aranges
                0x00000000000003f8       0x58 Drivers/STM32L4xx_HAL_Driver/Src/stm32l4xx_hal_gpio.o
 .debug_aranges
                0x0000000000000450      0x290 Drivers/STM32L4xx_HAL_Driver/Src/stm32l4xx_hal_i2c.o
 .debug_aranges
                0x00000000000006e0       0x48 Drivers/STM32L4xx_HAL_Driver/Src/stm32l4xx_hal_i2c_ex.o
 .debug_aranges
                0x0000000000000728      0x130 Drivers/STM32L4xx_HAL_Driver/Src/stm32l4xx_hal_pcd.o
 .debug_aranges
                0x0000000000000858       0x60 Drivers/STM32L4xx_HAL_Driver/Src/stm32l4xx_hal_pcd_ex.o
 .debug_aranges
                0x00000000000008b8       0x98 Drivers/STM32L4xx_HAL_Driver/Src/stm32l4xx_hal_pwr.o
 .debug_aranges
                0x0000000000000950      0x180 Drivers/STM32L4xx_HAL_Driver/Src/stm32l4xx_hal_pwr_ex.o
 .debug_aranges
                0x0000000000000ad0       0x90 Drivers/STM32L4xx_HAL_Driver/Src/stm32l4xx_hal_rcc.o
 .debug_aranges
                0x0000000000000b60      0x110 Drivers/STM32L4xx_HAL_Driver/Src/stm32l4xx_hal_rcc_ex.o
 .debug_aranges
                0x0000000000000c70      0x230 Drivers/STM32L4xx_HAL_Driver/Src/stm32l4xx_hal_uart.o
 .debug_aranges
                0x0000000000000ea0       0x88 Drivers/STM32L4xx_HAL_Driver/Src/stm32l4xx_hal_uart_ex.o
 .debug_aranges
                0x0000000000000f28      0x198 Drivers/STM32L4xx_HAL_Driver/Src/stm32l4xx_ll_usb.o

.debug_ranges   0x0000000000000000      0xf88
 .debug_ranges  0x0000000000000000       0x48 Core/Src/main.o
 .debug_ranges  0x0000000000000048       0x38 Core/Src/oled.o
 .debug_ranges  0x0000000000000080       0x40 Core/Src/stm32l4xx_hal_msp.o
 .debug_ranges  0x00000000000000c0       0x60 Core/Src/stm32l4xx_it.o
 .debug_ranges  0x0000000000000120       0x18 Core/Src/system_stm32l4xx.o
 .debug_ranges  0x0000000000000138       0x20 Core/Startup/startup_stm32l4p5zgtx.o
 .debug_ranges  0x0000000000000158      0x120 Drivers/STM32L4xx_HAL_Driver/Src/stm32l4xx_hal.o
 .debug_ranges  0x0000000000000278      0x108 Drivers/STM32L4xx_HAL_Driver/Src/stm32l4xx_hal_cortex.o
 .debug_ranges  0x0000000000000380       0x48 Drivers/STM32L4xx_HAL_Driver/Src/stm32l4xx_hal_gpio.o
 .debug_ranges  0x00000000000003c8      0x280 Drivers/STM32L4xx_HAL_Driver/Src/stm32l4xx_hal_i2c.o
 .debug_ranges  0x0000000000000648       0x38 Drivers/STM32L4xx_HAL_Driver/Src/stm32l4xx_hal_i2c_ex.o
 .debug_ranges  0x0000000000000680      0x120 Drivers/STM32L4xx_HAL_Driver/Src/stm32l4xx_hal_pcd.o
 .debug_ranges  0x00000000000007a0       0x50 Drivers/STM32L4xx_HAL_Driver/Src/stm32l4xx_hal_pcd_ex.o
 .debug_ranges  0x00000000000007f0       0x88 Drivers/STM32L4xx_HAL_Driver/Src/stm32l4xx_hal_pwr.o
 .debug_ranges  0x0000000000000878      0x170 Drivers/STM32L4xx_HAL_Driver/Src/stm32l4xx_hal_pwr_ex.o
 .debug_ranges  0x00000000000009e8       0x80 Drivers/STM32L4xx_HAL_Driver/Src/stm32l4xx_hal_rcc.o
 .debug_ranges  0x0000000000000a68      0x100 Drivers/STM32L4xx_HAL_Driver/Src/stm32l4xx_hal_rcc_ex.o
 .debug_ranges  0x0000000000000b68      0x220 Drivers/STM32L4xx_HAL_Driver/Src/stm32l4xx_hal_uart.o
 .debug_ranges  0x0000000000000d88       0x78 Drivers/STM32L4xx_HAL_Driver/Src/stm32l4xx_hal_uart_ex.o
 .debug_ranges  0x0000000000000e00      0x188 Drivers/STM32L4xx_HAL_Driver/Src/stm32l4xx_ll_usb.o

.debug_macro    0x0000000000000000    0x2b4fb
 .debug_macro   0x0000000000000000      0x219 Core/Src/main.o
 .debug_macro   0x0000000000000219      0xa5a Core/Src/main.o
 .debug_macro   0x0000000000000c73       0xc0 Core/Src/main.o
 .debug_macro   0x0000000000000d33       0x2e Core/Src/main.o
 .debug_macro   0x0000000000000d61       0x28 Core/Src/main.o
 .debug_macro   0x0000000000000d89       0x22 Core/Src/main.o
 .debug_macro   0x0000000000000dab       0x8e Core/Src/main.o
 .debug_macro   0x0000000000000e39       0x51 Core/Src/main.o
 .debug_macro   0x0000000000000e8a       0xef Core/Src/main.o
 .debug_macro   0x0000000000000f79       0x6a Core/Src/main.o
 .debug_macro   0x0000000000000fe3      0x1df Core/Src/main.o
 .debug_macro   0x00000000000011c2       0x1c Core/Src/main.o
 .debug_macro   0x00000000000011de       0x22 Core/Src/main.o
 .debug_macro   0x0000000000001200       0xdf Core/Src/main.o
 .debug_macro   0x00000000000012df     0x102d Core/Src/main.o
 .debug_macro   0x000000000000230c      0x11f Core/Src/main.o
 .debug_macro   0x000000000000242b    0x1e312 Core/Src/main.o
 .debug_macro   0x000000000002073d       0x43 Core/Src/main.o
 .debug_macro   0x0000000000020780     0x3889 Core/Src/main.o
 .debug_macro   0x0000000000024009      0x174 Core/Src/main.o
 .debug_macro   0x000000000002417d       0x5c Core/Src/main.o
 .debug_macro   0x00000000000241d9     0x193a Core/Src/main.o
 .debug_macro   0x0000000000025b13      0x853 Core/Src/main.o
 .debug_macro   0x0000000000026366      0x241 Core/Src/main.o
 .debug_macro   0x00000000000265a7      0x13d Core/Src/main.o
 .debug_macro   0x00000000000266e4      0x241 Core/Src/main.o
 .debug_macro   0x0000000000026925      0x486 Core/Src/main.o
 .debug_macro   0x0000000000026dab      0x1b4 Core/Src/main.o
 .debug_macro   0x0000000000026f5f       0x43 Core/Src/main.o
 .debug_macro   0x0000000000026fa2      0x23d Core/Src/main.o
 .debug_macro   0x00000000000271df      0x416 Core/Src/main.o
 .debug_macro   0x00000000000275f5       0x1c Core/Src/main.o
 .debug_macro   0x0000000000027611       0xeb Core/Src/main.o
 .debug_macro   0x00000000000276fc      0x22c Core/Src/main.o
 .debug_macro   0x0000000000027928       0x5e Core/Src/main.o
 .debug_macro   0x0000000000027986       0xa5 Core/Src/main.o
 .debug_macro   0x0000000000027a2b      0x122 Core/Src/main.o
 .debug_macro   0x0000000000027b4d      0x405 Core/Src/main.o
 .debug_macro   0x0000000000027f52      0x662 Core/Src/main.o
 .debug_macro   0x00000000000285b4       0xa6 Core/Src/main.o
 .debug_macro   0x000000000002865a      0x1ed Core/Src/main.o
 .debug_macro   0x0000000000028847       0xac Core/Src/main.o
 .debug_macro   0x00000000000288f3      0x44c Core/Src/main.o
 .debug_macro   0x0000000000028d3f       0xb8 Core/Src/main.o
 .debug_macro   0x0000000000028df7       0x2e Core/Src/main.o
 .debug_macro   0x0000000000028e25      0x220 Core/Src/oled.o
 .debug_macro   0x0000000000029045       0x28 Core/Src/oled.o
 .debug_macro   0x000000000002906d      0x210 Core/Src/stm32l4xx_hal_msp.o
 .debug_macro   0x000000000002927d      0x21a Core/Src/stm32l4xx_it.o
 .debug_macro   0x0000000000029497      0x207 Core/Src/system_stm32l4xx.o
 .debug_macro   0x000000000002969e      0x24f Drivers/STM32L4xx_HAL_Driver/Src/stm32l4xx_hal.o
 .debug_macro   0x00000000000298ed      0x201 Drivers/STM32L4xx_HAL_Driver/Src/stm32l4xx_hal_cortex.o
 .debug_macro   0x0000000000029aee      0x240 Drivers/STM32L4xx_HAL_Driver/Src/stm32l4xx_hal_gpio.o
 .debug_macro   0x0000000000029d2e      0x2c6 Drivers/STM32L4xx_HAL_Driver/Src/stm32l4xx_hal_i2c.o
 .debug_macro   0x0000000000029ff4      0x201 Drivers/STM32L4xx_HAL_Driver/Src/stm32l4xx_hal_i2c_ex.o
 .debug_macro   0x000000000002a1f5      0x20d Drivers/STM32L4xx_HAL_Driver/Src/stm32l4xx_hal_pcd.o
 .debug_macro   0x000000000002a402      0x201 Drivers/STM32L4xx_HAL_Driver/Src/stm32l4xx_hal_pcd_ex.o
 .debug_macro   0x000000000002a603      0x219 Drivers/STM32L4xx_HAL_Driver/Src/stm32l4xx_hal_pwr.o
 .debug_macro   0x000000000002a81c      0x22b Drivers/STM32L4xx_HAL_Driver/Src/stm32l4xx_hal_pwr_ex.o
 .debug_macro   0x000000000002aa47      0x243 Drivers/STM32L4xx_HAL_Driver/Src/stm32l4xx_hal_rcc.o
 .debug_macro   0x000000000002ac8a      0x237 Drivers/STM32L4xx_HAL_Driver/Src/stm32l4xx_hal_rcc_ex.o
 .debug_macro   0x000000000002aec1      0x22c Drivers/STM32L4xx_HAL_Driver/Src/stm32l4xx_hal_uart.o
 .debug_macro   0x000000000002b0ed      0x20d Drivers/STM32L4xx_HAL_Driver/Src/stm32l4xx_hal_uart_ex.o
 .debug_macro   0x000000000002b2fa      0x201 Drivers/STM32L4xx_HAL_Driver/Src/stm32l4xx_ll_usb.o

.debug_line     0x0000000000000000     0xde54
 .debug_line    0x0000000000000000      0x86e Core/Src/main.o
 .debug_line    0x000000000000086e      0x7f5 Core/Src/oled.o
 .debug_line    0x0000000000001063      0x7cc Core/Src/stm32l4xx_hal_msp.o
 .debug_line    0x000000000000182f      0x7eb Core/Src/stm32l4xx_it.o
 .debug_line    0x000000000000201a      0x74e Core/Src/system_stm32l4xx.o
 .debug_line    0x0000000000002768       0x85 Core/Startup/startup_stm32l4p5zgtx.o
 .debug_line    0x00000000000027ed      0x9c1 Drivers/STM32L4xx_HAL_Driver/Src/stm32l4xx_hal.o
 .debug_line    0x00000000000031ae      0xa4a Drivers/STM32L4xx_HAL_Driver/Src/stm32l4xx_hal_cortex.o
 .debug_line    0x0000000000003bf8      0x8f1 Drivers/STM32L4xx_HAL_Driver/Src/stm32l4xx_hal_gpio.o
 .debug_line    0x00000000000044e9     0x1b03 Drivers/STM32L4xx_HAL_Driver/Src/stm32l4xx_hal_i2c.o
 .debug_line    0x0000000000005fec      0x867 Drivers/STM32L4xx_HAL_Driver/Src/stm32l4xx_hal_i2c_ex.o
 .debug_line    0x0000000000006853      0xc3e Drivers/STM32L4xx_HAL_Driver/Src/stm32l4xx_hal_pcd.o
 .debug_line    0x0000000000007491      0x80e Drivers/STM32L4xx_HAL_Driver/Src/stm32l4xx_hal_pcd_ex.o
 .debug_line    0x0000000000007c9f      0x85e Drivers/STM32L4xx_HAL_Driver/Src/stm32l4xx_hal_pwr.o
 .debug_line    0x00000000000084fd      0xb62 Drivers/STM32L4xx_HAL_Driver/Src/stm32l4xx_hal_pwr_ex.o
 .debug_line    0x000000000000905f      0xa84 Drivers/STM32L4xx_HAL_Driver/Src/stm32l4xx_hal_rcc.o
 .debug_line    0x0000000000009ae3      0xeb1 Drivers/STM32L4xx_HAL_Driver/Src/stm32l4xx_hal_rcc_ex.o
 .debug_line    0x000000000000a994     0x1d2f Drivers/STM32L4xx_HAL_Driver/Src/stm32l4xx_hal_uart.o
 .debug_line    0x000000000000c6c3      0x992 Drivers/STM32L4xx_HAL_Driver/Src/stm32l4xx_hal_uart_ex.o
 .debug_line    0x000000000000d055      0xdff Drivers/STM32L4xx_HAL_Driver/Src/stm32l4xx_ll_usb.o

.debug_str      0x0000000000000000   0x106547
 .debug_str     0x0000000000000000   0x101e3a Core/Src/main.o
                                     0x1022e0 (size before relaxing)
 .debug_str     0x0000000000101e3a       0xb9 Core/Src/oled.o
                                     0x100f3d (size before relaxing)
 .debug_str     0x0000000000101ef3       0xa4 Core/Src/stm32l4xx_hal_msp.o
                                     0x1018e8 (size before relaxing)
 .debug_str     0x0000000000101f97       0xdf Core/Src/stm32l4xx_it.o
                                     0x100c47 (size before relaxing)
 .debug_str     0x0000000000102076       0xcd Core/Src/system_stm32l4xx.o
                                     0x100ac7 (size before relaxing)
 .debug_str     0x0000000000102143       0x36 Core/Startup/startup_stm32l4p5zgtx.o
                                         0x6d (size before relaxing)
 .debug_str     0x0000000000102179      0x5a7 Drivers/STM32L4xx_HAL_Driver/Src/stm32l4xx_hal.o
                                     0x1015e8 (size before relaxing)
 .debug_str     0x0000000000102720      0x392 Drivers/STM32L4xx_HAL_Driver/Src/stm32l4xx_hal_cortex.o
                                     0x10133f (size before relaxing)
 .debug_str     0x0000000000102ab2      0x216 Drivers/STM32L4xx_HAL_Driver/Src/stm32l4xx_hal_gpio.o
                                     0x100d47 (size before relaxing)
 .debug_str     0x0000000000102cc8      0xd38 Drivers/STM32L4xx_HAL_Driver/Src/stm32l4xx_hal_i2c.o
                                     0x101cb4 (size before relaxing)
 .debug_str     0x0000000000103a00       0xb8 Drivers/STM32L4xx_HAL_Driver/Src/stm32l4xx_hal_i2c_ex.o
                                     0x1010d1 (size before relaxing)
 .debug_str     0x0000000000103ab8      0x531 Drivers/STM32L4xx_HAL_Driver/Src/stm32l4xx_hal_pcd.o
                                     0x10120c (size before relaxing)
 .debug_str     0x0000000000103fe9      0x1b9 Drivers/STM32L4xx_HAL_Driver/Src/stm32l4xx_hal_pcd_ex.o
                                     0x100e84 (size before relaxing)
 .debug_str     0x00000000001041a2      0x2fd Drivers/STM32L4xx_HAL_Driver/Src/stm32l4xx_hal_pwr.o
                                     0x100dea (size before relaxing)
 .debug_str     0x000000000010449f      0x52d Drivers/STM32L4xx_HAL_Driver/Src/stm32l4xx_hal_pwr_ex.o
                                     0x1010be (size before relaxing)
 .debug_str     0x00000000001049cc      0x3da Drivers/STM32L4xx_HAL_Driver/Src/stm32l4xx_hal_rcc.o
                                     0x1010c7 (size before relaxing)
 .debug_str     0x0000000000104da6      0x59a Drivers/STM32L4xx_HAL_Driver/Src/stm32l4xx_hal_rcc_ex.o
                                     0x1014a2 (size before relaxing)
 .debug_str     0x0000000000105340      0x904 Drivers/STM32L4xx_HAL_Driver/Src/stm32l4xx_hal_uart.o
                                     0x101888 (size before relaxing)
 .debug_str     0x0000000000105c44      0x28d Drivers/STM32L4xx_HAL_Driver/Src/stm32l4xx_hal_uart_ex.o
                                     0x101075 (size before relaxing)
 .debug_str     0x0000000000105ed1      0x676 Drivers/STM32L4xx_HAL_Driver/Src/stm32l4xx_ll_usb.o
                                     0x101373 (size before relaxing)

.comment        0x0000000000000000       0x7b
 .comment       0x0000000000000000       0x7b Core/Src/main.o
                                         0x7c (size before relaxing)
 .comment       0x000000000000007b       0x7c Core/Src/oled.o
 .comment       0x000000000000007b       0x7c Core/Src/stm32l4xx_hal_msp.o
 .comment       0x000000000000007b       0x7c Core/Src/stm32l4xx_it.o
 .comment       0x000000000000007b       0x7c Core/Src/system_stm32l4xx.o
 .comment       0x000000000000007b       0x7c Drivers/STM32L4xx_HAL_Driver/Src/stm32l4xx_hal.o
 .comment       0x000000000000007b       0x7c Drivers/STM32L4xx_HAL_Driver/Src/stm32l4xx_hal_cortex.o
 .comment       0x000000000000007b       0x7c Drivers/STM32L4xx_HAL_Driver/Src/stm32l4xx_hal_gpio.o
 .comment       0x000000000000007b       0x7c Drivers/STM32L4xx_HAL_Driver/Src/stm32l4xx_hal_i2c.o
 .comment       0x000000000000007b       0x7c Drivers/STM32L4xx_HAL_Driver/Src/stm32l4xx_hal_i2c_ex.o
 .comment       0x000000000000007b       0x7c Drivers/STM32L4xx_HAL_Driver/Src/stm32l4xx_hal_pcd.o
 .comment       0x000000000000007b       0x7c Drivers/STM32L4xx_HAL_Driver/Src/stm32l4xx_hal_pcd_ex.o
 .comment       0x000000000000007b       0x7c Drivers/STM32L4xx_HAL_Driver/Src/stm32l4xx_hal_pwr.o
 .comment       0x000000000000007b       0x7c Drivers/STM32L4xx_HAL_Driver/Src/stm32l4xx_hal_pwr_ex.o
 .comment       0x000000000000007b       0x7c Drivers/STM32L4xx_HAL_Driver/Src/stm32l4xx_hal_rcc.o
 .comment       0x000000000000007b       0x7c Drivers/STM32L4xx_HAL_Driver/Src/stm32l4xx_hal_rcc_ex.o
 .comment       0x000000000000007b       0x7c Drivers/STM32L4xx_HAL_Driver/Src/stm32l4xx_hal_uart.o
 .comment       0x000000000000007b       0x7c Drivers/STM32L4xx_HAL_Driver/Src/stm32l4xx_hal_uart_ex.o
 .comment       0x000000000000007b       0x7c Drivers/STM32L4xx_HAL_Driver/Src/stm32l4xx_ll_usb.o

.debug_frame    0x0000000000000000     0x45d8
 .debug_frame   0x0000000000000000      0x110 Core/Src/main.o
 .debug_frame   0x0000000000000110       0xd8 Core/Src/oled.o
 .debug_frame   0x00000000000001e8      0x110 Core/Src/stm32l4xx_hal_msp.o
 .debug_frame   0x00000000000002f8      0x144 Core/Src/stm32l4xx_it.o
 .debug_frame   0x000000000000043c       0x58 Core/Src/system_stm32l4xx.o
 .debug_frame   0x0000000000000494      0x498 Drivers/STM32L4xx_HAL_Driver/Src/stm32l4xx_hal.o
 .debug_frame   0x000000000000092c      0x498 Drivers/STM32L4xx_HAL_Driver/Src/stm32l4xx_hal_cortex.o
 .debug_frame   0x0000000000000dc4      0x14c Drivers/STM32L4xx_HAL_Driver/Src/stm32l4xx_hal_gpio.o
 .debug_frame   0x0000000000000f10      0xbe8 Drivers/STM32L4xx_HAL_Driver/Src/stm32l4xx_hal_i2c.o
 .debug_frame   0x0000000000001af8      0x100 Drivers/STM32L4xx_HAL_Driver/Src/stm32l4xx_hal_i2c_ex.o
 .debug_frame   0x0000000000001bf8      0x544 Drivers/STM32L4xx_HAL_Driver/Src/stm32l4xx_hal_pcd.o
 .debug_frame   0x000000000000213c      0x174 Drivers/STM32L4xx_HAL_Driver/Src/stm32l4xx_hal_pcd_ex.o
 .debug_frame   0x00000000000022b0      0x230 Drivers/STM32L4xx_HAL_Driver/Src/stm32l4xx_hal_pwr.o
 .debug_frame   0x00000000000024e0      0x604 Drivers/STM32L4xx_HAL_Driver/Src/stm32l4xx_hal_pwr_ex.o
 .debug_frame   0x0000000000002ae4      0x220 Drivers/STM32L4xx_HAL_Driver/Src/stm32l4xx_hal_rcc.o
 .debug_frame   0x0000000000002d04      0x464 Drivers/STM32L4xx_HAL_Driver/Src/stm32l4xx_hal_rcc_ex.o
 .debug_frame   0x0000000000003168      0xa0c Drivers/STM32L4xx_HAL_Driver/Src/stm32l4xx_hal_uart.o
 .debug_frame   0x0000000000003b74      0x22c Drivers/STM32L4xx_HAL_Driver/Src/stm32l4xx_hal_uart_ex.o
 .debug_frame   0x0000000000003da0      0x78c Drivers/STM32L4xx_HAL_Driver/Src/stm32l4xx_ll_usb.o
 .debug_frame   0x000000000000452c       0x2c c:/st/stm32cubeide_1.3.0/stm32cubeide/plugins/com.st.stm32cube.ide.mcu.externaltools.gnu-tools-for-stm32.7-2018-q2-update.win32_1.0.0.201904181610/tools/bin/../lib/gcc/arm-none-eabi/7.3.1/../../../../arm-none-eabi/lib/thumb/v7e-m/fpv4-sp/hard\libc_nano.a(lib_a-init.o)
 .debug_frame   0x0000000000004558       0x20 c:/st/stm32cubeide_1.3.0/stm32cubeide/plugins/com.st.stm32cube.ide.mcu.externaltools.gnu-tools-for-stm32.7-2018-q2-update.win32_1.0.0.201904181610/tools/bin/../lib/gcc/arm-none-eabi/7.3.1/../../../../arm-none-eabi/lib/thumb/v7e-m/fpv4-sp/hard\libc_nano.a(lib_a-memset.o)
 .debug_frame   0x0000000000004578       0x2c c:/st/stm32cubeide_1.3.0/stm32cubeide/plugins/com.st.stm32cube.ide.mcu.externaltools.gnu-tools-for-stm32.7-2018-q2-update.win32_1.0.0.201904181610/tools/bin/../lib/gcc/arm-none-eabi/7.3.1/thumb/v7e-m/fpv4-sp/hard\libgcc.a(_aeabi_uldivmod.o)
 .debug_frame   0x00000000000045a4       0x34 c:/st/stm32cubeide_1.3.0/stm32cubeide/plugins/com.st.stm32cube.ide.mcu.externaltools.gnu-tools-for-stm32.7-2018-q2-update.win32_1.0.0.201904181610/tools/bin/../lib/gcc/arm-none-eabi/7.3.1/thumb/v7e-m/fpv4-sp/hard\libgcc.a(_udivmoddi4.o)
